[backblue.gif]
[fade.gif]
[index.html]
[webfolio.neocities.org/Daniel/assets/img/favicon.png]
[webfolio.neocities.org/Daniel/index.html]
[webfolio.neocities.org/Daniel/assets/css/bootstrap.min.css]
[webfolio.neocities.org/Daniel/assets/css/fontawesome-all.min.css]
[webfolio.neocities.org/Daniel/assets/css/magnific-popup.css]
[webfolio.neocities.org/Daniel/assets/css/animate.min.css]
[webfolio.neocities.org/Daniel/assets/img/portfolio/1.png]
[webfolio.neocities.org/Daniel/cv.txt]
[webfolio.neocities.org/Daniel/assets/img/portfolio/3.png]
[webfolio.neocities.org/Daniel/assets/img/portfolio/2.png]
[webfolio.neocities.org/Daniel/assets/css/owl.carousel.min.css]
[webfolio.neocities.org/Daniel/Daniel Smith_Web Designer_Graphic Designer.html]
[webfolio.neocities.org/Daniel/assets/img/portfolio/7.png]
[webfolio.neocities.org/Daniel/assets/img/portfolio/8.png]
[webfolio.neocities.org/Daniel/assets/img/portfolio/9.png]
[webfolio.neocities.org/Daniel/assets/img/testimonial/1.png]
[webfolio.neocities.org/Daniel/assets/img/blog/1.jpg]
[webfolio.neocities.org/Daniel/assets/img/blog/2.jpg]
[webfolio.neocities.org/Daniel/assets/img/blog/3.jpg]
[webfolio.neocities.org/Daniel/assets/js/bootstrap.min.js]
[webfolio.neocities.org/Daniel/assets/js/wow.min.js]
[webfolio.neocities.org/Daniel/assets/js/typed.js]
[webfolio.neocities.org/Daniel/assets/js/owl.carousel.min.js.js]
[webfolio.neocities.org/Daniel/assets/js/isotope.pkgd.min.js]
[webfolio.neocities.org/Daniel/assets/webfonts/fa-regular-400.ttf]
[webfolio.neocities.org/Daniel/assets/webfonts/fa-solid-900.woff2]
[webfolio.neocities.org/Daniel/assets/webfonts/fa-v4compatibility.woff2]
[webfolio.neocities.org/Daniel/assets/webfonts/fa-solid-900.ttf]
[webfolio.neocities.org/Daniel/assets/img/portfolio/6.png]
[webfolio.neocities.org/Daniel/assets/img/testimonial/2.png]
[webfolio.neocities.org/Daniel/assets/img/testimonial/3.png]
[webfolio.neocities.org/Daniel/assets/css/main.css]
[webfolio.neocities.org/Daniel/assets/js/jquery.counterup.min.js]
[webfolio.neocities.org/Daniel/assets/js/jquery.magnific-popup.min.js]
[webfolio.neocities.org/Daniel/assets/js/main.js]
[webfolio.neocities.org/Daniel/assets/webfonts/fa-brands-400.woff2]
[webfolio.neocities.org/Daniel/assets/css/owl.theme.default.min.css]
[webfolio.neocities.org/Daniel/assets/img/hero.png]
[webfolio.neocities.org/Daniel/assets/img/portfolio/4.png]
[webfolio.neocities.org/Daniel/assets/img/portfolio/5.png]
[webfolio.neocities.org/Daniel/assets/img/testimonial/4.png]
[webfolio.neocities.org/Daniel/assets/img/testimonial/5.png]
[webfolio.neocities.org/Daniel/assets/js/jquery.min.js]
[webfolio.neocities.org/Daniel/assets/js/jquery.waypoints.js]
[webfolio.neocities.org/Daniel/assets/webfonts/fa-brands-400.ttf]
[webfolio.neocities.org/Daniel/assets/webfonts/fa-regular-400.woff2]
[webfolio.neocities.org/Daniel/assets/webfonts/fa-v4compatibility.ttf]
[webfolio.neocities.org/Daniel/assets/css/owl.video.play.png]
